// Jest Snapshot v1, https://goo.gl/fbAQLP

exports[` 1`] = `
<tbody>
  <div>
    foo bar
  </div>
</tbody>
`;

exports[` 2`] = `
<tbody>
  <div>
    foo bar
  </div>
  <div>
    baz
  </div>
</tbody>
`;
