// Jest Snapshot v1, https://goo.gl/fbAQLP

exports[`A11YPanel should render loader when it's running 1`] = `
<div class="css-tkevr6">
  <svg viewbox="0 0 1024 1024"
       class="css-l0u0ek"
  >
    <path d="M998.786 474.516l-91 90.988c-8.028 8.036-18.624 11.902-29.152 11.676-10.536 0.234-21.144-3.632-29.184-11.676l-92.3-92.296c-15.624-15.622-15.624-40.95 0-56.57 15.622-15.622 40.95-15.624 56.57 0l26.146 26.148c-13.774-61.416-44.624-117.806-90.216-163.394-63.46-63.464-147.84-98.414-237.586-98.414-89.75 0-174.128 34.95-237.59 98.414-27.012 27.012-48.836 57.824-65.024 91.214l-0.008-0.004c-6.722 12.632-20.008 21.242-35.32 21.242-22.090 0-40-17.906-40-40 0-5.464 1.102-10.668 3.086-15.414l-0.004-0.004c0.016-0.032 0.024-0.058 0.040-0.090 0.036-0.078 0.070-0.156 0.106-0.234 0.73-1.632 0.208-0.718 5.004-9.996 69.18-133.726 208.766-225.128 369.71-225.128 203.224 0 372.374 145.734 408.728 338.392l21.424-21.424c15.618-15.622 40.946-15.622 56.566 0s15.624 40.948 0.004 56.57zM889.992 682.11c0 5.464-1.106 10.672-3.090 15.414l0.008 0.004c-0.016 0.036-0.028 0.058-0.040 0.090-0.036 0.078-0.074 0.156-0.106 0.234-0.73 1.636-0.208 0.718-5.008 10-69.176 133.722-208.762 225.124-369.708 225.124-205.2 0-375.668-148.578-409.76-344.022l-19.478 19.478c-15.622 15.622-40.95 15.622-56.57 0-15.618-15.622-15.622-40.95 0-56.57l90.996-90.992c8.032-8.032 18.628-11.902 29.152-11.672 10.536-0.238 21.144 3.632 29.188 11.672l92.296 92.3c15.624 15.618 15.624 40.946 0 56.566-15.618 15.622-40.946 15.624-56.566 0.004l-29.292-29.292c12.466 65.568 44.214 125.882 92.448 174.116 63.46 63.46 147.84 98.41 237.586 98.41 89.75 0 174.124-34.95 237.59-98.41 27.012-27.012 48.836-57.824 65.020-91.218l0.008 0.004c6.726-12.632 20.012-21.242 35.324-21.242 22.092 0.002 40.002 17.912 40.002 40.002zM145.83 545.416l1.4 0.248-0.824-0.824-0.576 0.576z"
          class="css-kqzqgg"
    >
    </path>
  </svg>
  Please wait while the accessibility scan is running ...
</div>
`;

exports[`A11YPanel should render report 1`] = `
<div class="css-6z0ulf os-host os-theme-dark os-host-resize-disabled os-host-scrollbar-horizontal-hidden os-host-scrollbar-vertical-hidden">
  <div class="os-resize-observer-host">
    <div class="os-resize-observer"
         style="right: 0px;"
    >
      <div class="os-resize-observer-item"
           dir="ltr"
           style="top: -2px; right: 0px; bottom: 0px; left: -2px;"
      >
        <div class="os-resize-observer-item">
          <div class="os-resize-observer-item-final"
               style="width: 3333333px; height: 3333333px;"
          >
          </div>
        </div>
        <div class="os-resize-observer-item">
          <div class="os-resize-observer-item-final"
               style="width: 200%; height: 200%"
          >
          </div>
        </div>
      </div>
    </div>
  </div>
  <div class="os-size-auto-observer"
       style="float: left;"
  >
    <div class="os-resize-observer">
      <div class="os-resize-observer-item"
           dir="ltr"
           style="top: -2px; right: 0px; bottom: 0px; left: -2px;"
      >
        <div class="os-resize-observer-item">
          <div class="os-resize-observer-item-final"
               style="width: 3333333px; height: 3333333px;"
          >
          </div>
        </div>
        <div class="os-resize-observer-item">
          <div class="os-resize-observer-item-final"
               style="width: 200%; height: 200%"
          >
          </div>
        </div>
      </div>
    </div>
  </div>
  <div class="os-content-glue"
       style="margin: 0px 0px 0px 0px; width: -1px; height: -1px;"
  >
  </div>
  <div class="os-padding">
    <div class="os-viewport os-viewport-native-scrollbars-overlaid"
         style
    >
      <div class="os-content-arrange">
      </div>
      <div class="os-content"
           style="padding: 0px 0px 0px 0px; height: 100%; width: 100%;"
      >
        <div class="css-snh8f7">
          <div class="css-15paq49">
            <div class="css-0">
              <button data-index="0"
                      class="css-1551xjo"
              >
                <span class="css-qacwg0">
                  1 Violations
                </span>
              </button>
              <button data-index="1"
                      class="css-qb28"
              >
                <span class="css-fg630j">
                  1 Passes
                </span>
              </button>
              <button data-index="2"
                      class="css-qb28"
              >
                <span class="css-iau1th">
                  1 Incomplete
                </span>
              </button>
            </div>
          </div>
          <div class="css-f68qle">
            <label for="0-global-checkbox"
                   class="css-1kbt4a0"
            >
              Highlight results
            </label>
            <input id="0-global-checkbox"
                   type="checkbox"
                   aria-label="Highlight result"
                   disabled
                   class="css-vdhlfv"
            >
          </div>
          <div class="css-aq4p19">
            <div role="button"
                 class="css-4ryd4s"
            >
              <svg viewbox="0 0 1024 1024"
                   size="10"
                   color="#9DA5AB"
                   style="transform: rotate(-90deg);"
                   class="css-1vwgrhn"
              >
                <path d="M511.976 833c-10.236 0-20.47-3.904-28.282-11.712l-471.934-471.874c-15.624-15.62-15.624-40.946-0.006-56.57 15.622-15.622 40.948-15.624 56.568-0.004l443.652 443.598 443.61-443.556c15.624-15.618 40.952-15.616 56.568 0.004 15.62 15.624 15.618 40.95-0.006 56.57l-471.89 471.832c-7.808 7.808-18.044 11.712-28.28 11.712z"
                      class="css-kqzqgg"
                >
                </path>
              </svg>
              Ensures the contrast between foreground and background colors meets WCAG 2 AA contrast ratio thresholds
            </div>
            <span class="css-19mcg9j">
              <input id="0-color-contrast"
                     type="checkbox"
                     aria-label="Highlight result"
                     disabled
                     class="css-vdhlfv"
              >
            </span>
          </div>
          <div class="erd_scroll_detection_container erd_scroll_detection_container_animation_active"
               style="visibility: hidden; display: inline; width: 0px; height: 0px; z-index: -1; overflow: hidden; margin: 0px; padding: 0px;"
          >
          </div>
        </div>
      </div>
    </div>
  </div>
  <div class="os-scrollbar os-scrollbar-horizontal os-scrollbar-unusable os-scrollbar-auto-hidden">
    <div class="os-scrollbar-track os-scrollbar-track-off">
      <div class="os-scrollbar-handle"
           style="transform: translate(0px, 0);"
      >
      </div>
    </div>
  </div>
  <div class="os-scrollbar os-scrollbar-vertical os-scrollbar-unusable os-scrollbar-auto-hidden">
    <div class="os-scrollbar-track os-scrollbar-track-off">
      <div class="os-scrollbar-handle"
           style="transform: translate(0, 0px);"
      >
      </div>
    </div>
  </div>
  <div class="os-scrollbar-corner">
  </div>
</div>
<div class="css-11xgcgt">
  <button class="css-1imo1gr">
    <svg viewbox="0 0 1024 1024"
         class="css-6hqipu"
    >
      <path d="M948.598 199.75c-15.622-15.618-40.95-15.618-56.57 0l-535.644 535.644-224.060-224.062c-15.624-15.624-40.954-15.62-56.57 0-15.624 15.62-15.624 40.948 0 56.568l251.574 251.574c0.252 0.266 0.472 0.55 0.734 0.812 7.82 7.82 18.072 11.724 28.322 11.714 10.25 0.010 20.502-3.894 28.322-11.714 0.248-0.248 0.456-0.518 0.698-0.77l563.196-563.202c15.618-15.618 15.618-40.94-0.002-56.564z"
            class="css-kqzqgg"
      >
      </path>
    </svg>
    Tests completed
  </button>
</div>
`;
