// Jest Snapshot v1, https://goo.gl/fbAQLP

exports[`LinkTo render should render a link 1`] = `
<RoutedLink
  href="http://localhost/?id=?selectedKind=foo&selectedStory=undefined"
  onClick={[Function]}
/>
`;
