// Jest Snapshot v1, https://goo.gl/fbAQLP

exports[`element_check.utils.flattenList should flatten a deep nested list 1`] = `
Array [
  1,
  2,
  3,
  4,
  5,
  6,
  7,
]
`;
